

================================================================
== Vitis HLS Report for 'CNN_Pipeline_VITIS_LOOP_169_1_loop_for_ap_6_loop_for_fc_6_loop_for_fa_6'
================================================================
* Date:           Sat Jun  1 06:31:33 2024

* Version:        2023.2 (Build 4023990 on Oct 11 2023)
* Project:        doan
* Solution:       solution1 (Vivado IP Flow Target)
* Product family: zynquplus
* Target device:  xck26-sfvc784-2LV-c


================================================================
== Performance Estimates
================================================================
+ Timing: 
    * Summary: 
    +--------+----------+----------+------------+
    |  Clock |  Target  | Estimated| Uncertainty|
    +--------+----------+----------+------------+
    |ap_clk  |  10.00 ns|  7.016 ns|     2.70 ns|
    +--------+----------+----------+------------+

+ Latency: 
    * Summary: 
    +---------+---------+----------+----------+--------+--------+---------+
    |  Latency (cycles) |  Latency (absolute) |     Interval    | Pipeline|
    |   min   |   max   |    min   |    max   |   min  |   max  |   Type  |
    +---------+---------+----------+----------+--------+--------+---------+
    |   409616|   409616|  4.096 ms|  4.096 ms|  409616|  409616|       no|
    +---------+---------+----------+----------+--------+--------+---------+

    + Detail: 
        * Instance: 
        N/A

        * Loop: 
        +--------------------------------------------------------------+---------+---------+----------+-----------+-----------+--------+----------+
        |                                                              |  Latency (cycles) | Iteration|  Initiation Interval  |  Trip  |          |
        |                           Loop Name                          |   min   |   max   |  Latency |  achieved |   target  |  Count | Pipelined|
        +--------------------------------------------------------------+---------+---------+----------+-----------+-----------+--------+----------+
        |- VITIS_LOOP_169_1_loop_for_ap_6_loop_for_fc_6_loop_for_fa_6  |   409614|   409614|        19|          4|          1|  102400|       yes|
        +--------------------------------------------------------------+---------+---------+----------+-----------+-----------+--------+----------+



================================================================
== Utilization Estimates
================================================================
* Summary: 
+-----------------+---------+------+--------+--------+-----+
|       Name      | BRAM_18K|  DSP |   FF   |   LUT  | URAM|
+-----------------+---------+------+--------+--------+-----+
|DSP              |        -|     1|       -|       -|    -|
|Expression       |        -|     -|       0|     538|    -|
|FIFO             |        -|     -|       -|       -|    -|
|Instance         |        -|     -|       -|       -|    -|
|Memory           |        -|     -|       -|       -|    -|
|Multiplexer      |        -|     -|       -|     153|    -|
|Register         |        -|     -|     605|     128|    -|
+-----------------+---------+------+--------+--------+-----+
|Total            |        0|     1|     605|     819|    0|
+-----------------+---------+------+--------+--------+-----+
|Available        |      288|  1248|  234240|  117120|   64|
+-----------------+---------+------+--------+--------+-----+
|Utilization (%)  |        0|    ~0|      ~0|      ~0|    0|
+-----------------+---------+------+--------+--------+-----+

+ Detail: 
    * Instance: 
    N/A

    * DSP: 
    +-----------------------------------+-------------------------------+--------------+
    |              Instance             |             Module            |  Expression  |
    +-----------------------------------+-------------------------------+--------------+
    |mac_muladd_5ns_6ns_6ns_10_4_1_U89  |mac_muladd_5ns_6ns_6ns_10_4_1  |  i0 + i1 * i2|
    +-----------------------------------+-------------------------------+--------------+

    * Memory: 
    N/A

    * FIFO: 
    N/A

    * Expression: 
    +--------------------------+----------+----+---+----+------------+------------+
    |       Variable Name      | Operation| DSP| FF| LUT| Bitwidth P0| Bitwidth P1|
    +--------------------------+----------+----+---+----+------------+------------+
    |add_ln169_1_fu_294_p2     |         +|   0|  0|  13|           6|           1|
    |add_ln169_fu_249_p2       |         +|   0|  0|  24|          17|           1|
    |add_ln171_1_fu_574_p2     |         +|   0|  0|  20|          13|           1|
    |add_ln171_fu_527_p2       |         +|   0|  0|  13|           6|           1|
    |add_ln174_1_fu_562_p2     |         +|   0|  0|  15|           8|           1|
    |add_ln174_fu_346_p2       |         +|   0|  0|  12|           5|           1|
    |add_ln176_fu_479_p2       |         +|   0|  0|  10|           3|           1|
    |add_ln177_1_fu_468_p2     |         +|   0|  0|  20|          13|          13|
    |add_ln177_2_fu_442_p2     |         +|   0|  0|  19|          12|          12|
    |add_ln177_4_fu_452_p2     |         +|   0|  0|  17|          12|          12|
    |add_ln177_5_fu_458_p2     |         +|   0|  0|  17|          12|          12|
    |add_ln177_6_fu_543_p2     |         +|   0|  0|  13|           6|           6|
    |add_ln177_fu_432_p2       |         +|   0|  0|  16|           9|           9|
    |add_ln179_1_fu_700_p2     |         +|   0|  0|  16|           9|           9|
    |add_ln179_fu_710_p2       |         +|   0|  0|  18|          11|          11|
    |arrayidx45_sum_fu_614_p2  |         +|   0|  0|  20|          13|          13|
    |and_ln169_1_fu_288_p2     |       and|   0|  0|   2|           1|           1|
    |and_ln169_fu_334_p2       |       and|   0|  0|   2|           1|           1|
    |and_ln171_fu_340_p2       |       and|   0|  0|   2|           1|           1|
    |and_ln179_fu_694_p2       |       and|   0|  0|   2|           1|           1|
    |icmp_ln169_fu_243_p2      |      icmp|   0|  0|  24|          17|          16|
    |icmp_ln171_fu_264_p2      |      icmp|   0|  0|  20|          13|          12|
    |icmp_ln174_1_fu_491_p2    |      icmp|   0|  0|  12|           5|           4|
    |icmp_ln174_fu_282_p2      |      icmp|   0|  0|  15|           8|           7|
    |icmp_ln176_1_fu_485_p2    |      icmp|   0|  0|  10|           3|           3|
    |icmp_ln176_fu_276_p2      |      icmp|   0|  0|  10|           3|           3|
    |icmp_ln179_1_fu_682_p2    |      icmp|   0|  0|  30|          23|           1|
    |icmp_ln179_fu_676_p2      |      icmp|   0|  0|  15|           8|           2|
    |or_ln171_1_fu_328_p2      |        or|   0|  0|   2|           1|           1|
    |or_ln171_fu_308_p2        |        or|   0|  0|   2|           1|           1|
    |or_ln172_1_fu_358_p2      |        or|   0|  0|   2|           1|           1|
    |or_ln172_fu_352_p2        |        or|   0|  0|   2|           1|           1|
    |or_ln179_fu_688_p2        |        or|   0|  0|   2|           1|           1|
    |OutConv6_d0               |    select|   0|  0|  32|           1|           1|
    |select_ln169_1_fu_300_p3  |    select|   0|  0|   6|           1|           6|
    |select_ln169_fu_520_p3    |    select|   0|  0|   6|           1|           1|
    |select_ln171_1_fu_603_p3  |    select|   0|  0|  32|           1|           1|
    |select_ln171_2_fu_533_p3  |    select|   0|  0|   6|           1|           6|
    |select_ln171_3_fu_579_p3  |    select|   0|  0|  12|           1|           1|
    |select_ln171_fu_314_p3    |    select|   0|  0|   5|           1|           1|
    |select_ln172_fu_364_p3    |    select|   0|  0|   3|           1|           1|
    |select_ln174_1_fu_567_p3  |    select|   0|  0|   8|           1|           1|
    |select_ln174_fu_372_p3    |    select|   0|  0|   5|           1|           5|
    |ap_enable_pp0             |       xor|   0|  0|   2|           1|           2|
    |xor_ln169_fu_270_p2       |       xor|   0|  0|   2|           1|           2|
    |xor_ln171_fu_322_p2       |       xor|   0|  0|   2|           1|           2|
    +--------------------------+----------+----+---+----+------------+------------+
    |Total                     |          |   0|  0| 538|         257|         191|
    +--------------------------+----------+----+---+----+------------+------------+

    * Multiplexer: 
    +--------------------------+----+-----------+-----+-----------+
    |           Name           | LUT| Input Size| Bits| Total Bits|
    +--------------------------+----+-----------+-----+-----------+
    |ap_NS_fsm                 |  26|          5|    1|          5|
    |ap_done_int               |   9|          2|    1|          2|
    |ap_enable_reg_pp0_iter0   |   9|          2|    1|          2|
    |ap_enable_reg_pp0_iter1   |   9|          2|    1|          2|
    |grp_fu_181_p0             |  14|          3|   32|         96|
    |grp_fu_181_p1             |  14|          3|   32|         96|
    |indvar_flatten143_fu_110  |   9|          2|    8|         16|
    |indvar_flatten158_fu_118  |   9|          2|   13|         26|
    |indvar_flatten182_fu_126  |   9|          2|   17|         34|
    |j_fu_102                  |   9|          2|    3|          6|
    |k_fu_106                  |   9|          2|    5|         10|
    |n_fu_122                  |   9|          2|    6|         12|
    |s_128_fu_98               |   9|          2|   32|         64|
    |y_fu_114                  |   9|          2|    6|         12|
    +--------------------------+----+-----------+-----+-----------+
    |Total                     | 153|         33|  158|        383|
    +--------------------------+----+-----------+-----+-----------+

    * Register: 
    +--------------------------------------+----+----+-----+-----------+
    |                 Name                 | FF | LUT| Bits| Const Bits|
    +--------------------------------------+----+----+-----+-----------+
    |OutPadConv6_load_reg_879              |  32|   0|   32|          0|
    |Weights_load_89_reg_859               |  32|   0|   32|          0|
    |Weights_load_reg_904                  |  32|   0|   32|          0|
    |add28_i6_reg_919                      |  32|   0|   32|          0|
    |and_ln169_1_reg_814                   |   1|   0|    1|          0|
    |ap_CS_fsm                             |   4|   0|    4|          0|
    |ap_done_reg                           |   1|   0|    1|          0|
    |ap_enable_reg_pp0_iter0_reg           |   1|   0|    1|          0|
    |ap_enable_reg_pp0_iter1               |   1|   0|    1|          0|
    |ap_enable_reg_pp0_iter2               |   1|   0|    1|          0|
    |ap_enable_reg_pp0_iter3               |   1|   0|    1|          0|
    |ap_enable_reg_pp0_iter4               |   1|   0|    1|          0|
    |ap_loop_exit_ready_pp0_iter1_reg      |   1|   0|    1|          0|
    |ap_loop_exit_ready_pp0_iter2_reg      |   1|   0|    1|          0|
    |ap_loop_exit_ready_pp0_iter3_reg      |   1|   0|    1|          0|
    |empty_reg_835                         |   5|   0|    5|          0|
    |icmp_ln169_reg_804                    |   1|   0|    1|          0|
    |icmp_ln171_reg_808                    |   1|   0|    1|          0|
    |icmp_ln174_1_reg_855                  |   1|   0|    1|          0|
    |icmp_ln176_1_reg_851                  |   1|   0|    1|          0|
    |indvar_flatten143_fu_110              |   8|   0|    8|          0|
    |indvar_flatten143_load_reg_794        |   8|   0|    8|          0|
    |indvar_flatten158_fu_118              |  13|   0|   13|          0|
    |indvar_flatten158_load_reg_799        |  13|   0|   13|          0|
    |indvar_flatten182_fu_126              |  17|   0|   17|          0|
    |j_fu_102                              |   3|   0|    3|          0|
    |k_fu_106                              |   5|   0|    5|          0|
    |mul21_i6_reg_889                      |  32|   0|   32|          0|
    |n_fu_122                              |   6|   0|    6|          0|
    |or_ln171_reg_824                      |   1|   0|    1|          0|
    |or_ln171_reg_824_pp0_iter1_reg        |   1|   0|    1|          0|
    |s_128_fu_98                           |  32|   0|   32|          0|
    |s_reg_909                             |  32|   0|   32|          0|
    |select_ln169_1_reg_819                |   6|   0|    6|          0|
    |select_ln169_1_reg_819_pp0_iter1_reg  |   6|   0|    6|          0|
    |select_ln171_2_reg_864                |   6|   0|    6|          0|
    |select_ln172_reg_830                  |   3|   0|    3|          0|
    |y_fu_114                              |   6|   0|    6|          0|
    |empty_reg_835                         |  64|  32|    5|          0|
    |icmp_ln174_1_reg_855                  |  64|  32|    1|          0|
    |icmp_ln176_1_reg_851                  |  64|  32|    1|          0|
    |select_ln171_2_reg_864                |  64|  32|    6|          0|
    +--------------------------------------+----+----+-----+-----------+
    |Total                                 | 605| 128|  362|          0|
    +--------------------------------------+----+----+-----+-----------+



================================================================
== Interface
================================================================
* Summary: 
+----------------------+-----+-----+------------+-------------------------------------------------------------------------+--------------+
|       RTL Ports      | Dir | Bits|  Protocol  |                              Source Object                              |    C Type    |
+----------------------+-----+-----+------------+-------------------------------------------------------------------------+--------------+
|ap_clk                |   in|    1|  ap_ctrl_hs|  CNN_Pipeline_VITIS_LOOP_169_1_loop_for_ap_6_loop_for_fc_6_loop_for_fa_6|  return value|
|ap_rst                |   in|    1|  ap_ctrl_hs|  CNN_Pipeline_VITIS_LOOP_169_1_loop_for_ap_6_loop_for_fc_6_loop_for_fa_6|  return value|
|ap_start              |   in|    1|  ap_ctrl_hs|  CNN_Pipeline_VITIS_LOOP_169_1_loop_for_ap_6_loop_for_fc_6_loop_for_fa_6|  return value|
|ap_done               |  out|    1|  ap_ctrl_hs|  CNN_Pipeline_VITIS_LOOP_169_1_loop_for_ap_6_loop_for_fc_6_loop_for_fa_6|  return value|
|ap_idle               |  out|    1|  ap_ctrl_hs|  CNN_Pipeline_VITIS_LOOP_169_1_loop_for_ap_6_loop_for_fc_6_loop_for_fa_6|  return value|
|ap_ready              |  out|    1|  ap_ctrl_hs|  CNN_Pipeline_VITIS_LOOP_169_1_loop_for_ap_6_loop_for_fc_6_loop_for_fa_6|  return value|
|grp_fu_1453_p_din0    |  out|   32|  ap_ctrl_hs|  CNN_Pipeline_VITIS_LOOP_169_1_loop_for_ap_6_loop_for_fc_6_loop_for_fa_6|  return value|
|grp_fu_1453_p_din1    |  out|   32|  ap_ctrl_hs|  CNN_Pipeline_VITIS_LOOP_169_1_loop_for_ap_6_loop_for_fc_6_loop_for_fa_6|  return value|
|grp_fu_1453_p_opcode  |  out|    2|  ap_ctrl_hs|  CNN_Pipeline_VITIS_LOOP_169_1_loop_for_ap_6_loop_for_fc_6_loop_for_fa_6|  return value|
|grp_fu_1453_p_dout0   |   in|   32|  ap_ctrl_hs|  CNN_Pipeline_VITIS_LOOP_169_1_loop_for_ap_6_loop_for_fc_6_loop_for_fa_6|  return value|
|grp_fu_1453_p_ce      |  out|    1|  ap_ctrl_hs|  CNN_Pipeline_VITIS_LOOP_169_1_loop_for_ap_6_loop_for_fc_6_loop_for_fa_6|  return value|
|grp_fu_1461_p_din0    |  out|   32|  ap_ctrl_hs|  CNN_Pipeline_VITIS_LOOP_169_1_loop_for_ap_6_loop_for_fc_6_loop_for_fa_6|  return value|
|grp_fu_1461_p_din1    |  out|   32|  ap_ctrl_hs|  CNN_Pipeline_VITIS_LOOP_169_1_loop_for_ap_6_loop_for_fc_6_loop_for_fa_6|  return value|
|grp_fu_1461_p_dout0   |   in|   32|  ap_ctrl_hs|  CNN_Pipeline_VITIS_LOOP_169_1_loop_for_ap_6_loop_for_fc_6_loop_for_fa_6|  return value|
|grp_fu_1461_p_ce      |  out|    1|  ap_ctrl_hs|  CNN_Pipeline_VITIS_LOOP_169_1_loop_for_ap_6_loop_for_fc_6_loop_for_fa_6|  return value|
|grp_fu_1469_p_din0    |  out|   32|  ap_ctrl_hs|  CNN_Pipeline_VITIS_LOOP_169_1_loop_for_ap_6_loop_for_fc_6_loop_for_fa_6|  return value|
|grp_fu_1469_p_din1    |  out|   32|  ap_ctrl_hs|  CNN_Pipeline_VITIS_LOOP_169_1_loop_for_ap_6_loop_for_fc_6_loop_for_fa_6|  return value|
|grp_fu_1469_p_opcode  |  out|    5|  ap_ctrl_hs|  CNN_Pipeline_VITIS_LOOP_169_1_loop_for_ap_6_loop_for_fc_6_loop_for_fa_6|  return value|
|grp_fu_1469_p_dout0   |   in|    1|  ap_ctrl_hs|  CNN_Pipeline_VITIS_LOOP_169_1_loop_for_ap_6_loop_for_fc_6_loop_for_fa_6|  return value|
|grp_fu_1469_p_ce      |  out|    1|  ap_ctrl_hs|  CNN_Pipeline_VITIS_LOOP_169_1_loop_for_ap_6_loop_for_fc_6_loop_for_fa_6|  return value|
|Weights_address0      |  out|   14|   ap_memory|                                                                  Weights|         array|
|Weights_ce0           |  out|    1|   ap_memory|                                                                  Weights|         array|
|Weights_q0            |   in|   32|   ap_memory|                                                                  Weights|         array|
|Weights_address1      |  out|   14|   ap_memory|                                                                  Weights|         array|
|Weights_ce1           |  out|    1|   ap_memory|                                                                  Weights|         array|
|Weights_q1            |   in|   32|   ap_memory|                                                                  Weights|         array|
|OutPadConv6_address0  |  out|   10|   ap_memory|                                                              OutPadConv6|         array|
|OutPadConv6_ce0       |  out|    1|   ap_memory|                                                              OutPadConv6|         array|
|OutPadConv6_q0        |   in|   32|   ap_memory|                                                              OutPadConv6|         array|
|OutConv6_address0     |  out|   11|   ap_memory|                                                                 OutConv6|         array|
|OutConv6_ce0          |  out|    1|   ap_memory|                                                                 OutConv6|         array|
|OutConv6_we0          |  out|    1|   ap_memory|                                                                 OutConv6|         array|
|OutConv6_d0           |  out|   32|   ap_memory|                                                                 OutConv6|         array|
+----------------------+-----+-----+------------+-------------------------------------------------------------------------+--------------+

